Using CUDA GPU
Using AdamW optimizer (lr=0.0003)
Step 0/2000  loss: 11.3254  lr: 3e-06  step_ms: 187  tok/s: 10940  ETA: 6m
Step 10/2000  loss: 11.2063  lr: 3.3e-05  step_ms: 58  tok/s: 28976  ETA: 2m
Step 20/2000  loss: 11.057  lr: 6.3e-05  step_ms: 58  tok/s: 31418  ETA: 2m
Step 30/2000  loss: 10.8384  lr: 9.3e-05  step_ms: 58  tok/s: 32333  ETA: 2m
Step 40/2000  loss: 10.5307  lr: 0.000123  step_ms: 63  tok/s: 32799  ETA: 2m
Step 50/2000  loss: 10.1261  lr: 0.000153  step_ms: 59  tok/s: 33141  ETA: 2m
Step 60/2000  loss: 9.75446  lr: 0.000183  step_ms: 58  tok/s: 33376  ETA: 2m
Step 70/2000  loss: 9.19744  lr: 0.000213  step_ms: 58  tok/s: 33536  ETA: 1m
Step 80/2000  loss: 8.44874  lr: 0.000243  step_ms: 58  tok/s: 33664  ETA: 1m
Step 90/2000  loss: 7.79245  lr: 0.000273  step_ms: 58  tok/s: 33760  ETA: 1m
Step 100/2000  loss: 6.91795  lr: 0.0003  step_ms: 58  tok/s: 33835  ETA: 1m
Step 110/2000  loss: 6.46359  lr: 0.000299979  step_ms: 58  tok/s: 33904  ETA: 1m
Step 120/2000  loss: 5.54903  lr: 0.000299918  step_ms: 61  tok/s: 33960  ETA: 1m
Step 130/2000  loss: 5.19547  lr: 0.000299815  step_ms: 61  tok/s: 33999  ETA: 1m
Step 140/2000  loss: 5.04559  lr: 0.000299672  step_ms: 58  tok/s: 34040  ETA: 1m
Step 150/2000  loss: 5.03083  lr: 0.000299488  step_ms: 58  tok/s: 34065  ETA: 1m
Step 160/2000  loss: 4.97313  lr: 0.000299262  step_ms: 59  tok/s: 34092  ETA: 1m
Step 170/2000  loss: 4.79531  lr: 0.000298996  step_ms: 58  tok/s: 34123  ETA: 1m
Step 180/2000  loss: 4.58117  lr: 0.00029869  step_ms: 59  tok/s: 34144  ETA: 1m
Step 190/2000  loss: 4.17446  lr: 0.000298342  step_ms: 58  tok/s: 34161  ETA: 1m
Step 200/2000  loss: 4.30199  lr: 0.000297954  step_ms: 58  tok/s: 34188  ETA: 1m
Step 210/2000  loss: 4.64604  lr: 0.000297526  step_ms: 59  tok/s: 34208  ETA: 1m
Step 220/2000  loss: 4.59741  lr: 0.000297057  step_ms: 58  tok/s: 34232  ETA: 1m
Step 230/2000  loss: 4.21287  lr: 0.000296548  step_ms: 58  tok/s: 34243  ETA: 1m
Step 240/2000  loss: 4.22921  lr: 0.000295999  step_ms: 59  tok/s: 34256  ETA: 1m
Step 250/2000  loss: 4.38241  lr: 0.00029541  step_ms: 58  tok/s: 34263  ETA: 1m
Step 260/2000  loss: 4.48173  lr: 0.000294781  step_ms: 58  tok/s: 34269  ETA: 1m
Step 270/2000  loss: 4.24722  lr: 0.000294113  step_ms: 58  tok/s: 34279  ETA: 1m
Step 280/2000  loss: 4.06028  lr: 0.000293405  step_ms: 58  tok/s: 34284  ETA: 1m
Step 290/2000  loss: 4.32787  lr: 0.000292658  step_ms: 59  tok/s: 34292  ETA: 1m
Step 300/2000  loss: 4.38329  lr: 0.000291873  step_ms: 58  tok/s: 34299  ETA: 1m
Step 310/2000  loss: 4.36433  lr: 0.000291048  step_ms: 58  tok/s: 34304  ETA: 1m
Step 320/2000  loss: 4.18932  lr: 0.000290185  step_ms: 58  tok/s: 34309  ETA: 1m
Step 330/2000  loss: 4.12565  lr: 0.000289283  step_ms: 59  tok/s: 34312  ETA: 1m
Step 340/2000  loss: 4.14619  lr: 0.000288343  step_ms: 62  tok/s: 34315  ETA: 1m
Step 350/2000  loss: 4.10256  lr: 0.000287366  step_ms: 58  tok/s: 34325  ETA: 1m
Step 360/2000  loss: 3.87009  lr: 0.000286351  step_ms: 59  tok/s: 34328  ETA: 1m
Step 370/2000  loss: 4.18009  lr: 0.000285299  step_ms: 58  tok/s: 34331  ETA: 1m
Step 380/2000  loss: 4.13604  lr: 0.000284209  step_ms: 58  tok/s: 34337  ETA: 1m
Step 390/2000  loss: 4.00233  lr: 0.000283083  step_ms: 58  tok/s: 34344  ETA: 1m
Step 400/2000  loss: 4.14415  lr: 0.000281921  step_ms: 58  tok/s: 34345  ETA: 1m
Step 410/2000  loss: 3.95973  lr: 0.000280723  step_ms: 59  tok/s: 34345  ETA: 1m
Step 420/2000  loss: 4.24192  lr: 0.000279488  step_ms: 58  tok/s: 34355  ETA: 1m
Step 430/2000  loss: 3.98395  lr: 0.000278219  step_ms: 58  tok/s: 34358  ETA: 1m
Step 440/2000  loss: 4.12695  lr: 0.000276914  step_ms: 58  tok/s: 34359  ETA: 1m
Step 450/2000  loss: 4.08061  lr: 0.000275575  step_ms: 58  tok/s: 34362  ETA: 1m
Step 460/2000  loss: 4.05869  lr: 0.000274201  step_ms: 59  tok/s: 34365  ETA: 1m
Step 470/2000  loss: 4.26242  lr: 0.000272794  step_ms: 59  tok/s: 34365  ETA: 1m
Step 480/2000  loss: 4.15672  lr: 0.000271353  step_ms: 58  tok/s: 34362  ETA: 1m
Step 490/2000  loss: 3.78245  lr: 0.000269878  step_ms: 58  tok/s: 34362  ETA: 1m
Step 500/2000  loss: 4.03671  lr: 0.000268371  step_ms: 60  tok/s: 34367  ETA: 1m
Step 510/2000  loss: 3.82918  lr: 0.000266832  step_ms: 61  tok/s: 34368  ETA: 1m
Step 520/2000  loss: 3.71708  lr: 0.00026526  step_ms: 61  tok/s: 34369  ETA: 1m
Step 530/2000  loss: 3.82196  lr: 0.000263657  step_ms: 60  tok/s: 34372  ETA: 1m
Step 540/2000  loss: 3.89079  lr: 0.000262023  step_ms: 58  tok/s: 34373  ETA: 1m
Step 550/2000  loss: 3.81561  lr: 0.000260359  step_ms: 58  tok/s: 34375  ETA: 1m
Step 560/2000  loss: 3.78626  lr: 0.000258664  step_ms: 58  tok/s: 34375  ETA: 1m
Step 570/2000  loss: 3.95732  lr: 0.000256939  step_ms: 58  tok/s: 34380  ETA: 1m
Step 580/2000  loss: 4.06168  lr: 0.000255186  step_ms: 58  tok/s: 34382  ETA: 1m
Step 590/2000  loss: 3.60539  lr: 0.000253403  step_ms: 58  tok/s: 34382  ETA: 1m
Step 600/2000  loss: 3.84478  lr: 0.000251592  step_ms: 58  tok/s: 34386  ETA: 1m
Step 610/2000  loss: 3.549  lr: 0.000249754  step_ms: 58  tok/s: 34386  ETA: 1m
Step 620/2000  loss: 3.8132  lr: 0.000247888  step_ms: 58  tok/s: 34386  ETA: 1m
Step 630/2000  loss: 3.59008  lr: 0.000245995  step_ms: 58  tok/s: 34384  ETA: 1m
Step 640/2000  loss: 3.98193  lr: 0.000244076  step_ms: 58  tok/s: 34387  ETA: 1m
Step 650/2000  loss: 3.93246  lr: 0.000242132  step_ms: 61  tok/s: 34389  ETA: 1m
Step 660/2000  loss: 3.77638  lr: 0.000240162  step_ms: 58  tok/s: 34393  ETA: 1m
Step 670/2000  loss: 3.68642  lr: 0.000238168  step_ms: 59  tok/s: 34395  ETA: 1m
Step 680/2000  loss: 3.74202  lr: 0.000236149  step_ms: 60  tok/s: 34395  ETA: 1m
Step 690/2000  loss: 3.76818  lr: 0.000234107  step_ms: 59  tok/s: 34397  ETA: 1m
Step 700/2000  loss: 3.81041  lr: 0.000232042  step_ms: 58  tok/s: 34400  ETA: 1m
Step 710/2000  loss: 3.7164  lr: 0.000229955  step_ms: 60  tok/s: 34400  ETA: 1m
Step 720/2000  loss: 3.83314  lr: 0.000227845  step_ms: 59  tok/s: 34403  ETA: 1m
Step 730/2000  loss: 3.64681  lr: 0.000225715  step_ms: 58  tok/s: 34406  ETA: 1m
Step 740/2000  loss: 3.58345  lr: 0.000223564  step_ms: 58  tok/s: 34408  ETA: 1m
Step 750/2000  loss: 3.46896  lr: 0.000221392  step_ms: 58  tok/s: 34409  ETA: 1m
Step 760/2000  loss: 3.98396  lr: 0.000219201  step_ms: 59  tok/s: 34410  ETA: 1m
Step 770/2000  loss: 3.91057  lr: 0.000216991  step_ms: 58  tok/s: 34408  ETA: 1m
Step 780/2000  loss: 3.49487  lr: 0.000214763  step_ms: 59  tok/s: 34409  ETA: 1m
Step 790/2000  loss: 3.864  lr: 0.000212517  step_ms: 58  tok/s: 34410  ETA: 1m
Step 800/2000  loss: 3.59496  lr: 0.000210254  step_ms: 58  tok/s: 34410  ETA: 1m
Step 810/2000  loss: 3.67006  lr: 0.000207975  step_ms: 61  tok/s: 34410  ETA: 1m
Step 820/2000  loss: 3.71488  lr: 0.00020568  step_ms: 63  tok/s: 34409  ETA: 1m
Step 830/2000  loss: 3.60944  lr: 0.000203369  step_ms: 59  tok/s: 34411  ETA: 1m
Step 840/2000  loss: 3.73793  lr: 0.000201044  step_ms: 60  tok/s: 34409  ETA: 1m
Step 850/2000  loss: 3.5191  lr: 0.000198705  step_ms: 58  tok/s: 34411  ETA: 1m
Step 860/2000  loss: 3.80334  lr: 0.000196353  step_ms: 58  tok/s: 34412  ETA: 1m
Step 870/2000  loss: 3.82784  lr: 0.000193988  step_ms: 58  tok/s: 34411  ETA: 1m
Step 880/2000  loss: 3.73669  lr: 0.00019161  step_ms: 58  tok/s: 34412  ETA: 1m
Step 890/2000  loss: 3.75825  lr: 0.000189222  step_ms: 58  tok/s: 34414  ETA: 1m
Step 900/2000  loss: 3.38564  lr: 0.000186823  step_ms: 58  tok/s: 34414  ETA: 1m
Step 910/2000  loss: 3.56943  lr: 0.000184414  step_ms: 58  tok/s: 34414  ETA: 1m
Step 920/2000  loss: 3.58483  lr: 0.000181995  step_ms: 58  tok/s: 34416  ETA: 1m
Step 930/2000  loss: 3.47155  lr: 0.000179568  step_ms: 61  tok/s: 34417  ETA: 1m
Step 940/2000  loss: 3.63024  lr: 0.000177132  step_ms: 58  tok/s: 34419  ETA: 1m
Step 950/2000  loss: 3.46856  lr: 0.000174689  step_ms: 60  tok/s: 34418  ETA: 1m
Step 960/2000  loss: 3.61113  lr: 0.00017224  step_ms: 58  tok/s: 34419  ETA: 1m
Step 970/2000  loss: 3.5292  lr: 0.000169784  step_ms: 58  tok/s: 34419  ETA: 1m
Step 980/2000  loss: 3.49532  lr: 0.000167323  step_ms: 58  tok/s: 34417  ETA: 1m
Step 990/2000  loss: 3.37799  lr: 0.000164857  step_ms: 58  tok/s: 34419  ETA: 1m
Step 1000/2000  loss: 3.61362  lr: 0.000162387  step_ms: 58  tok/s: 34419  ETA: 0m
Step 1010/2000  loss: 3.277  lr: 0.000159914  step_ms: 58  tok/s: 34420  ETA: 0m
Step 1020/2000  loss: 3.53169  lr: 0.000157438  step_ms: 60  tok/s: 34421  ETA: 0m
Step 1030/2000  loss: 3.5778  lr: 0.00015496  step_ms: 58  tok/s: 34424  ETA: 0m
Step 1040/2000  loss: 3.65442  lr: 0.00015248  step_ms: 58  tok/s: 34425  ETA: 0m
Step 1050/2000  loss: 3.69139  lr: 0.00015  step_ms: 60  tok/s: 34425  ETA: 0m
Step 1060/2000  loss: 3.38971  lr: 0.00014752  step_ms: 58  tok/s: 34425  ETA: 0m
Step 1070/2000  loss: 3.35655  lr: 0.00014504  step_ms: 58  tok/s: 34425  ETA: 0m
Step 1080/2000  loss: 3.60246  lr: 0.000142562  step_ms: 58  tok/s: 34425  ETA: 0m
Step 1090/2000  loss: 3.52731  lr: 0.000140086  step_ms: 58  tok/s: 34426  ETA: 0m
Step 1100/2000  loss: 3.32354  lr: 0.000137613  step_ms: 58  tok/s: 34426  ETA: 0m
Step 1110/2000  loss: 3.51304  lr: 0.000135143  step_ms: 60  tok/s: 34428  ETA: 0m
Step 1120/2000  loss: 3.71242  lr: 0.000132677  step_ms: 58  tok/s: 34430  ETA: 0m
Step 1130/2000  loss: 3.55188  lr: 0.000130216  step_ms: 58  tok/s: 34430  ETA: 0m
Step 1140/2000  loss: 3.51205  lr: 0.00012776  step_ms: 58  tok/s: 34429  ETA: 0m
Step 1150/2000  loss: 3.24233  lr: 0.000125311  step_ms: 59  tok/s: 34431  ETA: 0m
Step 1160/2000  loss: 3.40863  lr: 0.000122868  step_ms: 58  tok/s: 34430  ETA: 0m
Step 1170/2000  loss: 3.0616  lr: 0.000120432  step_ms: 58  tok/s: 34431  ETA: 0m
Step 1180/2000  loss: 3.49145  lr: 0.000118005  step_ms: 58  tok/s: 34432  ETA: 0m
Step 1190/2000  loss: 3.42007  lr: 0.000115586  step_ms: 58  tok/s: 34432  ETA: 0m
Step 1200/2000  loss: 3.39256  lr: 0.000113177  step_ms: 59  tok/s: 34433  ETA: 0m
Step 1210/2000  loss: 3.4527  lr: 0.000110778  step_ms: 60  tok/s: 34434  ETA: 0m
Step 1220/2000  loss: 3.54386  lr: 0.00010839  step_ms: 61  tok/s: 34434  ETA: 0m
Step 1230/2000  loss: 3.24712  lr: 0.000106012  step_ms: 58  tok/s: 34436  ETA: 0m
Step 1240/2000  loss: 3.26108  lr: 0.000103647  step_ms: 58  tok/s: 34436  ETA: 0m
Step 1250/2000  loss: 3.3871  lr: 0.000101295  step_ms: 58  tok/s: 34437  ETA: 0m
Step 1260/2000  loss: 3.34665  lr: 9.8956e-05  step_ms: 59  tok/s: 34437  ETA: 0m
Step 1270/2000  loss: 3.37088  lr: 9.66309e-05  step_ms: 58  tok/s: 34438  ETA: 0m
Step 1280/2000  loss: 3.53878  lr: 9.43204e-05  step_ms: 58  tok/s: 34439  ETA: 0m
Step 1290/2000  loss: 3.18266  lr: 9.20251e-05  step_ms: 58  tok/s: 34440  ETA: 0m
Step 1300/2000  loss: 3.18361  lr: 8.97457e-05  step_ms: 58  tok/s: 34441  ETA: 0m
Step 1310/2000  loss: 3.37657  lr: 8.74827e-05  step_ms: 58  tok/s: 34441  ETA: 0m
Step 1320/2000  loss: 3.55014  lr: 8.52368e-05  step_ms: 58  tok/s: 34441  ETA: 0m
Step 1330/2000  loss: 3.50986  lr: 8.30087e-05  step_ms: 61  tok/s: 34443  ETA: 0m
Step 1340/2000  loss: 3.39319  lr: 8.07988e-05  step_ms: 58  tok/s: 34445  ETA: 0m
Step 1350/2000  loss: 3.145  lr: 7.86079e-05  step_ms: 58  tok/s: 34446  ETA: 0m
Step 1360/2000  loss: 3.45195  lr: 7.64365e-05  step_ms: 58  tok/s: 34447  ETA: 0m
Step 1370/2000  loss: 3.50064  lr: 7.42852e-05  step_ms: 58  tok/s: 34447  ETA: 0m
Step 1380/2000  loss: 3.38519  lr: 7.21546e-05  step_ms: 58  tok/s: 34449  ETA: 0m
Step 1390/2000  loss: 3.25011  lr: 7.00452e-05  step_ms: 58  tok/s: 34449  ETA: 0m
Step 1400/2000  loss: 3.12548  lr: 6.79578e-05  step_ms: 58  tok/s: 34449  ETA: 0m
Step 1410/2000  loss: 3.48187  lr: 6.58927e-05  step_ms: 60  tok/s: 34450  ETA: 0m
Step 1420/2000  loss: 3.12082  lr: 6.38507e-05  step_ms: 61  tok/s: 34451  ETA: 0m
Step 1430/2000  loss: 3.36259  lr: 6.18322e-05  step_ms: 58  tok/s: 34452  ETA: 0m
Step 1440/2000  loss: 3.12993  lr: 5.98378e-05  step_ms: 58  tok/s: 34454  ETA: 0m
Step 1450/2000  loss: 3.50209  lr: 5.78681e-05  step_ms: 58  tok/s: 34454  ETA: 0m
Step 1460/2000  loss: 3.27455  lr: 5.59235e-05  step_ms: 58  tok/s: 34454  ETA: 0m
Step 1470/2000  loss: 3.25511  lr: 5.40047e-05  step_ms: 58  tok/s: 34455  ETA: 0m
Step 1480/2000  loss: 3.22932  lr: 5.21121e-05  step_ms: 58  tok/s: 34456  ETA: 0m
Step 1490/2000  loss: 3.5193  lr: 5.02463e-05  step_ms: 58  tok/s: 34457  ETA: 0m
Step 1500/2000  loss: 3.27766  lr: 4.84078e-05  step_ms: 59  tok/s: 34457  ETA: 0m
Step 1510/2000  loss: 3.45826  lr: 4.6597e-05  step_ms: 60  tok/s: 34458  ETA: 0m
Step 1520/2000  loss: 3.53362  lr: 4.48145e-05  step_ms: 61  tok/s: 34459  ETA: 0m
Step 1530/2000  loss: 3.12492  lr: 4.30607e-05  step_ms: 58  tok/s: 34460  ETA: 0m
Step 1540/2000  loss: 3.24501  lr: 4.13362e-05  step_ms: 58  tok/s: 34461  ETA: 0m
Step 1550/2000  loss: 3.27657  lr: 3.96414e-05  step_ms: 59  tok/s: 34462  ETA: 0m
Step 1560/2000  loss: 3.51549  lr: 3.79768e-05  step_ms: 58  tok/s: 34462  ETA: 0m
Step 1570/2000  loss: 3.14768  lr: 3.63428e-05  step_ms: 58  tok/s: 34463  ETA: 0m
Step 1580/2000  loss: 3.46828  lr: 3.47398e-05  step_ms: 61  tok/s: 34463  ETA: 0m
Step 1590/2000  loss: 3.3239  lr: 3.31684e-05  step_ms: 58  tok/s: 34462  ETA: 0m
Step 1600/2000  loss: 3.19125  lr: 3.16289e-05  step_ms: 60  tok/s: 34462  ETA: 0m
Step 1610/2000  loss: 3.41507  lr: 3.01218e-05  step_ms: 61  tok/s: 34463  ETA: 0m
Step 1620/2000  loss: 3.3083  lr: 2.86475e-05  step_ms: 58  tok/s: 34464  ETA: 0m
Step 1630/2000  loss: 3.51103  lr: 2.72063e-05  step_ms: 58  tok/s: 34464  ETA: 0m
Step 1640/2000  loss: 3.26171  lr: 2.57987e-05  step_ms: 58  tok/s: 34464  ETA: 0m
Step 1650/2000  loss: 3.04121  lr: 2.4425e-05  step_ms: 58  tok/s: 34464  ETA: 0m
Step 1660/2000  loss: 3.30822  lr: 2.30857e-05  step_ms: 59  tok/s: 34464  ETA: 0m
Step 1670/2000  loss: 3.44074  lr: 2.17811e-05  step_ms: 58  tok/s: 34464  ETA: 0m
Step 1680/2000  loss: 3.30752  lr: 2.05115e-05  step_ms: 60  tok/s: 34464  ETA: 0m
Step 1690/2000  loss: 3.47187  lr: 1.92774e-05  step_ms: 58  tok/s: 34463  ETA: 0m
Step 1700/2000  loss: 3.42151  lr: 1.80789e-05  step_ms: 61  tok/s: 34463  ETA: 0m
Step 1710/2000  loss: 3.21619  lr: 1.69166e-05  step_ms: 62  tok/s: 34463  ETA: 0m
Step 1720/2000  loss: 3.1296  lr: 1.57906e-05  step_ms: 58  tok/s: 34464  ETA: 0m
Step 1730/2000  loss: 3.25022  lr: 1.47013e-05  step_ms: 58  tok/s: 34464  ETA: 0m
Step 1740/2000  loss: 3.40482  lr: 1.3649e-05  step_ms: 58  tok/s: 34464  ETA: 0m
Step 1750/2000  loss: 3.28031  lr: 1.2634e-05  step_ms: 59  tok/s: 34464  ETA: 0m
Step 1760/2000  loss: 3.33036  lr: 1.16565e-05  step_ms: 59  tok/s: 34464  ETA: 0m
Step 1770/2000  loss: 3.21404  lr: 1.07169e-05  step_ms: 58  tok/s: 34465  ETA: 0m
Step 1780/2000  loss: 3.35685  lr: 9.81533e-06  step_ms: 58  tok/s: 34466  ETA: 0m
Step 1790/2000  loss: 3.44002  lr: 8.95209e-06  step_ms: 58  tok/s: 34466  ETA: 0m
Step 1800/2000  loss: 3.35595  lr: 8.12741e-06  step_ms: 58  tok/s: 34467  ETA: 0m
Step 1810/2000  loss: 3.48099  lr: 7.34152e-06  step_ms: 59  tok/s: 34467  ETA: 0m
Step 1820/2000  loss: 3.42152  lr: 6.59463e-06  step_ms: 58  tok/s: 34467  ETA: 0m
Step 1830/2000  loss: 3.48252  lr: 5.88695e-06  step_ms: 58  tok/s: 34467  ETA: 0m
Step 1840/2000  loss: 3.45957  lr: 5.21866e-06  step_ms: 58  tok/s: 34467  ETA: 0m
Step 1850/2000  loss: 3.25512  lr: 4.58996e-06  step_ms: 58  tok/s: 34467  ETA: 0m
Step 1860/2000  loss: 3.3845  lr: 4.00101e-06  step_ms: 59  tok/s: 34467  ETA: 0m
Step 1870/2000  loss: 3.35848  lr: 3.45198e-06  step_ms: 58  tok/s: 34468  ETA: 0m
Step 1880/2000  loss: 3.3532  lr: 2.94301e-06  step_ms: 58  tok/s: 34469  ETA: 0m
Step 1890/2000  loss: 3.4225  lr: 2.47424e-06  step_ms: 58  tok/s: 34470  ETA: 0m
Step 1900/2000  loss: 3.42637  lr: 2.0458e-06  step_ms: 58  tok/s: 34470  ETA: 0m
Step 1910/2000  loss: 3.10811  lr: 1.65782e-06  step_ms: 58  tok/s: 34471  ETA: 0m
Step 1920/2000  loss: 3.10882  lr: 1.31039e-06  step_ms: 59  tok/s: 34471  ETA: 0m
Step 1930/2000  loss: 3.35137  lr: 1.00361e-06  step_ms: 59  tok/s: 34470  ETA: 0m
Step 1940/2000  loss: 3.28063  lr: 7.37565e-07  step_ms: 58  tok/s: 34470  ETA: 0m
Step 1950/2000  loss: 3.17571  lr: 5.12326e-07  step_ms: 58  tok/s: 34470  ETA: 0m
Step 1960/2000  loss: 3.2532  lr: 3.27956e-07  step_ms: 59  tok/s: 34470  ETA: 0m
Step 1970/2000  loss: 3.44414  lr: 1.84505e-07  step_ms: 58  tok/s: 34470  ETA: 0m
Step 1980/2000  loss: 3.39608  lr: 8.20114e-08  step_ms: 58  tok/s: 34471  ETA: 0m
Step 1990/2000  loss: 3.10755  lr: 2.05043e-08  step_ms: 58  tok/s: 34471  ETA: 0m

=== Training Summary ===
  Steps: 2000
  Total tokens: 4096000
  Wall time: 118s (1m 58s)
  Throughput: 34472 tok/s
========================
Saved checkpoint to /home/dkruger/tmp/ru/olmo-xp/OLMo-corecpp/checkpoints/30M_cpplm.pt
